// Jest Snapshot v1, https://goo.gl/fbAQLP

exports[`components/Navbar renders correctly 1`] = `
<WithStyles(ForwardRef(List))
  className="makeStyles-list-2"
  id="list"
/>
`;
