// Jest Snapshot v1, https://goo.gl/fbAQLP

exports[`components/slider Renders default options 1`] = `
<SliderComponent
  defaultValue={0}
  disabled={false}
  input={
    Object {
      "onChange": [MockFunction] {
        "calls": Array [
          Array [
            0,
          ],
        ],
        "results": Array [
          Object {
            "type": "return",
            "value": undefined,
          },
        ],
      },
      "value": "",
    }
  }
  label=""
  marks={
    Array [
      Object {
        "label": "1",
        "value": 1,
      },
      Object {
        "label": "50",
        "value": 50,
      },
    ]
  }
  maxValue={null}
  meta={
    Object {
      "error": "",
      "submitFailed": false,
    }
  }
  minValue={null}
  step={1}
>
  <WithStyles(ForwardRef(Grid))
    className="wrapper"
    container={true}
  >
    <ForwardRef(Grid)
      className="wrapper"
      classes={
        Object {
          "align-content-xs-center": "MuiGrid-align-content-xs-center",
          "align-content-xs-flex-end": "MuiGrid-align-content-xs-flex-end",
          "align-content-xs-flex-start": "MuiGrid-align-content-xs-flex-start",
          "align-content-xs-space-around": "MuiGrid-align-content-xs-space-around",
          "align-content-xs-space-between": "MuiGrid-align-content-xs-space-between",
          "align-items-xs-baseline": "MuiGrid-align-items-xs-baseline",
          "align-items-xs-center": "MuiGrid-align-items-xs-center",
          "align-items-xs-flex-end": "MuiGrid-align-items-xs-flex-end",
          "align-items-xs-flex-start": "MuiGrid-align-items-xs-flex-start",
          "container": "MuiGrid-container",
          "direction-xs-column": "MuiGrid-direction-xs-column",
          "direction-xs-column-reverse": "MuiGrid-direction-xs-column-reverse",
          "direction-xs-row-reverse": "MuiGrid-direction-xs-row-reverse",
          "grid-lg-1": "MuiGrid-grid-lg-1",
          "grid-lg-10": "MuiGrid-grid-lg-10",
          "grid-lg-11": "MuiGrid-grid-lg-11",
          "grid-lg-12": "MuiGrid-grid-lg-12",
          "grid-lg-2": "MuiGrid-grid-lg-2",
          "grid-lg-3": "MuiGrid-grid-lg-3",
          "grid-lg-4": "MuiGrid-grid-lg-4",
          "grid-lg-5": "MuiGrid-grid-lg-5",
          "grid-lg-6": "MuiGrid-grid-lg-6",
          "grid-lg-7": "MuiGrid-grid-lg-7",
          "grid-lg-8": "MuiGrid-grid-lg-8",
          "grid-lg-9": "MuiGrid-grid-lg-9",
          "grid-lg-auto": "MuiGrid-grid-lg-auto",
          "grid-lg-true": "MuiGrid-grid-lg-true",
          "grid-md-1": "MuiGrid-grid-md-1",
          "grid-md-10": "MuiGrid-grid-md-10",
          "grid-md-11": "MuiGrid-grid-md-11",
          "grid-md-12": "MuiGrid-grid-md-12",
          "grid-md-2": "MuiGrid-grid-md-2",
          "grid-md-3": "MuiGrid-grid-md-3",
          "grid-md-4": "MuiGrid-grid-md-4",
          "grid-md-5": "MuiGrid-grid-md-5",
          "grid-md-6": "MuiGrid-grid-md-6",
          "grid-md-7": "MuiGrid-grid-md-7",
          "grid-md-8": "MuiGrid-grid-md-8",
          "grid-md-9": "MuiGrid-grid-md-9",
          "grid-md-auto": "MuiGrid-grid-md-auto",
          "grid-md-true": "MuiGrid-grid-md-true",
          "grid-sm-1": "MuiGrid-grid-sm-1",
          "grid-sm-10": "MuiGrid-grid-sm-10",
          "grid-sm-11": "MuiGrid-grid-sm-11",
          "grid-sm-12": "MuiGrid-grid-sm-12",
          "grid-sm-2": "MuiGrid-grid-sm-2",
          "grid-sm-3": "MuiGrid-grid-sm-3",
          "grid-sm-4": "MuiGrid-grid-sm-4",
          "grid-sm-5": "MuiGrid-grid-sm-5",
          "grid-sm-6": "MuiGrid-grid-sm-6",
          "grid-sm-7": "MuiGrid-grid-sm-7",
          "grid-sm-8": "MuiGrid-grid-sm-8",
          "grid-sm-9": "MuiGrid-grid-sm-9",
          "grid-sm-auto": "MuiGrid-grid-sm-auto",
          "grid-sm-true": "MuiGrid-grid-sm-true",
          "grid-xl-1": "MuiGrid-grid-xl-1",
          "grid-xl-10": "MuiGrid-grid-xl-10",
          "grid-xl-11": "MuiGrid-grid-xl-11",
          "grid-xl-12": "MuiGrid-grid-xl-12",
          "grid-xl-2": "MuiGrid-grid-xl-2",
          "grid-xl-3": "MuiGrid-grid-xl-3",
          "grid-xl-4": "MuiGrid-grid-xl-4",
          "grid-xl-5": "MuiGrid-grid-xl-5",
          "grid-xl-6": "MuiGrid-grid-xl-6",
          "grid-xl-7": "MuiGrid-grid-xl-7",
          "grid-xl-8": "MuiGrid-grid-xl-8",
          "grid-xl-9": "MuiGrid-grid-xl-9",
          "grid-xl-auto": "MuiGrid-grid-xl-auto",
          "grid-xl-true": "MuiGrid-grid-xl-true",
          "grid-xs-1": "MuiGrid-grid-xs-1",
          "grid-xs-10": "MuiGrid-grid-xs-10",
          "grid-xs-11": "MuiGrid-grid-xs-11",
          "grid-xs-12": "MuiGrid-grid-xs-12",
          "grid-xs-2": "MuiGrid-grid-xs-2",
          "grid-xs-3": "MuiGrid-grid-xs-3",
          "grid-xs-4": "MuiGrid-grid-xs-4",
          "grid-xs-5": "MuiGrid-grid-xs-5",
          "grid-xs-6": "MuiGrid-grid-xs-6",
          "grid-xs-7": "MuiGrid-grid-xs-7",
          "grid-xs-8": "MuiGrid-grid-xs-8",
          "grid-xs-9": "MuiGrid-grid-xs-9",
          "grid-xs-auto": "MuiGrid-grid-xs-auto",
          "grid-xs-true": "MuiGrid-grid-xs-true",
          "item": "MuiGrid-item",
          "justify-content-xs-center": "MuiGrid-justify-content-xs-center",
          "justify-content-xs-flex-end": "MuiGrid-justify-content-xs-flex-end",
          "justify-content-xs-space-around": "MuiGrid-justify-content-xs-space-around",
          "justify-content-xs-space-between": "MuiGrid-justify-content-xs-space-between",
          "justify-content-xs-space-evenly": "MuiGrid-justify-content-xs-space-evenly",
          "root": "MuiGrid-root",
          "spacing-xs-1": "MuiGrid-spacing-xs-1",
          "spacing-xs-10": "MuiGrid-spacing-xs-10",
          "spacing-xs-2": "MuiGrid-spacing-xs-2",
          "spacing-xs-3": "MuiGrid-spacing-xs-3",
          "spacing-xs-4": "MuiGrid-spacing-xs-4",
          "spacing-xs-5": "MuiGrid-spacing-xs-5",
          "spacing-xs-6": "MuiGrid-spacing-xs-6",
          "spacing-xs-7": "MuiGrid-spacing-xs-7",
          "spacing-xs-8": "MuiGrid-spacing-xs-8",
          "spacing-xs-9": "MuiGrid-spacing-xs-9",
          "wrap-xs-nowrap": "MuiGrid-wrap-xs-nowrap",
          "wrap-xs-wrap-reverse": "MuiGrid-wrap-xs-wrap-reverse",
          "zeroMinWidth": "MuiGrid-zeroMinWidth",
        }
      }
      container={true}
    >
      <div
        className="MuiGrid-root wrapper MuiGrid-container"
      >
        <WithStyles(ForwardRef(Grid))
          item={true}
          xs={12}
        >
          <ForwardRef(Grid)
            classes={
              Object {
                "align-content-xs-center": "MuiGrid-align-content-xs-center",
                "align-content-xs-flex-end": "MuiGrid-align-content-xs-flex-end",
                "align-content-xs-flex-start": "MuiGrid-align-content-xs-flex-start",
                "align-content-xs-space-around": "MuiGrid-align-content-xs-space-around",
                "align-content-xs-space-between": "MuiGrid-align-content-xs-space-between",
                "align-items-xs-baseline": "MuiGrid-align-items-xs-baseline",
                "align-items-xs-center": "MuiGrid-align-items-xs-center",
                "align-items-xs-flex-end": "MuiGrid-align-items-xs-flex-end",
                "align-items-xs-flex-start": "MuiGrid-align-items-xs-flex-start",
                "container": "MuiGrid-container",
                "direction-xs-column": "MuiGrid-direction-xs-column",
                "direction-xs-column-reverse": "MuiGrid-direction-xs-column-reverse",
                "direction-xs-row-reverse": "MuiGrid-direction-xs-row-reverse",
                "grid-lg-1": "MuiGrid-grid-lg-1",
                "grid-lg-10": "MuiGrid-grid-lg-10",
                "grid-lg-11": "MuiGrid-grid-lg-11",
                "grid-lg-12": "MuiGrid-grid-lg-12",
                "grid-lg-2": "MuiGrid-grid-lg-2",
                "grid-lg-3": "MuiGrid-grid-lg-3",
                "grid-lg-4": "MuiGrid-grid-lg-4",
                "grid-lg-5": "MuiGrid-grid-lg-5",
                "grid-lg-6": "MuiGrid-grid-lg-6",
                "grid-lg-7": "MuiGrid-grid-lg-7",
                "grid-lg-8": "MuiGrid-grid-lg-8",
                "grid-lg-9": "MuiGrid-grid-lg-9",
                "grid-lg-auto": "MuiGrid-grid-lg-auto",
                "grid-lg-true": "MuiGrid-grid-lg-true",
                "grid-md-1": "MuiGrid-grid-md-1",
                "grid-md-10": "MuiGrid-grid-md-10",
                "grid-md-11": "MuiGrid-grid-md-11",
                "grid-md-12": "MuiGrid-grid-md-12",
                "grid-md-2": "MuiGrid-grid-md-2",
                "grid-md-3": "MuiGrid-grid-md-3",
                "grid-md-4": "MuiGrid-grid-md-4",
                "grid-md-5": "MuiGrid-grid-md-5",
                "grid-md-6": "MuiGrid-grid-md-6",
                "grid-md-7": "MuiGrid-grid-md-7",
                "grid-md-8": "MuiGrid-grid-md-8",
                "grid-md-9": "MuiGrid-grid-md-9",
                "grid-md-auto": "MuiGrid-grid-md-auto",
                "grid-md-true": "MuiGrid-grid-md-true",
                "grid-sm-1": "MuiGrid-grid-sm-1",
                "grid-sm-10": "MuiGrid-grid-sm-10",
                "grid-sm-11": "MuiGrid-grid-sm-11",
                "grid-sm-12": "MuiGrid-grid-sm-12",
                "grid-sm-2": "MuiGrid-grid-sm-2",
                "grid-sm-3": "MuiGrid-grid-sm-3",
                "grid-sm-4": "MuiGrid-grid-sm-4",
                "grid-sm-5": "MuiGrid-grid-sm-5",
                "grid-sm-6": "MuiGrid-grid-sm-6",
                "grid-sm-7": "MuiGrid-grid-sm-7",
                "grid-sm-8": "MuiGrid-grid-sm-8",
                "grid-sm-9": "MuiGrid-grid-sm-9",
                "grid-sm-auto": "MuiGrid-grid-sm-auto",
                "grid-sm-true": "MuiGrid-grid-sm-true",
                "grid-xl-1": "MuiGrid-grid-xl-1",
                "grid-xl-10": "MuiGrid-grid-xl-10",
                "grid-xl-11": "MuiGrid-grid-xl-11",
                "grid-xl-12": "MuiGrid-grid-xl-12",
                "grid-xl-2": "MuiGrid-grid-xl-2",
                "grid-xl-3": "MuiGrid-grid-xl-3",
                "grid-xl-4": "MuiGrid-grid-xl-4",
                "grid-xl-5": "MuiGrid-grid-xl-5",
                "grid-xl-6": "MuiGrid-grid-xl-6",
                "grid-xl-7": "MuiGrid-grid-xl-7",
                "grid-xl-8": "MuiGrid-grid-xl-8",
                "grid-xl-9": "MuiGrid-grid-xl-9",
                "grid-xl-auto": "MuiGrid-grid-xl-auto",
                "grid-xl-true": "MuiGrid-grid-xl-true",
                "grid-xs-1": "MuiGrid-grid-xs-1",
                "grid-xs-10": "MuiGrid-grid-xs-10",
                "grid-xs-11": "MuiGrid-grid-xs-11",
                "grid-xs-12": "MuiGrid-grid-xs-12",
                "grid-xs-2": "MuiGrid-grid-xs-2",
                "grid-xs-3": "MuiGrid-grid-xs-3",
                "grid-xs-4": "MuiGrid-grid-xs-4",
                "grid-xs-5": "MuiGrid-grid-xs-5",
                "grid-xs-6": "MuiGrid-grid-xs-6",
                "grid-xs-7": "MuiGrid-grid-xs-7",
                "grid-xs-8": "MuiGrid-grid-xs-8",
                "grid-xs-9": "MuiGrid-grid-xs-9",
                "grid-xs-auto": "MuiGrid-grid-xs-auto",
                "grid-xs-true": "MuiGrid-grid-xs-true",
                "item": "MuiGrid-item",
                "justify-content-xs-center": "MuiGrid-justify-content-xs-center",
                "justify-content-xs-flex-end": "MuiGrid-justify-content-xs-flex-end",
                "justify-content-xs-space-around": "MuiGrid-justify-content-xs-space-around",
                "justify-content-xs-space-between": "MuiGrid-justify-content-xs-space-between",
                "justify-content-xs-space-evenly": "MuiGrid-justify-content-xs-space-evenly",
                "root": "MuiGrid-root",
                "spacing-xs-1": "MuiGrid-spacing-xs-1",
                "spacing-xs-10": "MuiGrid-spacing-xs-10",
                "spacing-xs-2": "MuiGrid-spacing-xs-2",
                "spacing-xs-3": "MuiGrid-spacing-xs-3",
                "spacing-xs-4": "MuiGrid-spacing-xs-4",
                "spacing-xs-5": "MuiGrid-spacing-xs-5",
                "spacing-xs-6": "MuiGrid-spacing-xs-6",
                "spacing-xs-7": "MuiGrid-spacing-xs-7",
                "spacing-xs-8": "MuiGrid-spacing-xs-8",
                "spacing-xs-9": "MuiGrid-spacing-xs-9",
                "wrap-xs-nowrap": "MuiGrid-wrap-xs-nowrap",
                "wrap-xs-wrap-reverse": "MuiGrid-wrap-xs-wrap-reverse",
                "zeroMinWidth": "MuiGrid-zeroMinWidth",
              }
            }
            item={true}
            xs={12}
          >
            <div
              className="MuiGrid-root MuiGrid-item MuiGrid-grid-xs-12"
            >
              <WithStyles(ForwardRef(Grid))
                alignItems="center"
                className="inputWrapper"
                container={true}
                item={true}
                justifyContent="center"
                xs={12}
              >
                <ForwardRef(Grid)
                  alignItems="center"
                  className="inputWrapper"
                  classes={
                    Object {
                      "align-content-xs-center": "MuiGrid-align-content-xs-center",
                      "align-content-xs-flex-end": "MuiGrid-align-content-xs-flex-end",
                      "align-content-xs-flex-start": "MuiGrid-align-content-xs-flex-start",
                      "align-content-xs-space-around": "MuiGrid-align-content-xs-space-around",
                      "align-content-xs-space-between": "MuiGrid-align-content-xs-space-between",
                      "align-items-xs-baseline": "MuiGrid-align-items-xs-baseline",
                      "align-items-xs-center": "MuiGrid-align-items-xs-center",
                      "align-items-xs-flex-end": "MuiGrid-align-items-xs-flex-end",
                      "align-items-xs-flex-start": "MuiGrid-align-items-xs-flex-start",
                      "container": "MuiGrid-container",
                      "direction-xs-column": "MuiGrid-direction-xs-column",
                      "direction-xs-column-reverse": "MuiGrid-direction-xs-column-reverse",
                      "direction-xs-row-reverse": "MuiGrid-direction-xs-row-reverse",
                      "grid-lg-1": "MuiGrid-grid-lg-1",
                      "grid-lg-10": "MuiGrid-grid-lg-10",
                      "grid-lg-11": "MuiGrid-grid-lg-11",
                      "grid-lg-12": "MuiGrid-grid-lg-12",
                      "grid-lg-2": "MuiGrid-grid-lg-2",
                      "grid-lg-3": "MuiGrid-grid-lg-3",
                      "grid-lg-4": "MuiGrid-grid-lg-4",
                      "grid-lg-5": "MuiGrid-grid-lg-5",
                      "grid-lg-6": "MuiGrid-grid-lg-6",
                      "grid-lg-7": "MuiGrid-grid-lg-7",
                      "grid-lg-8": "MuiGrid-grid-lg-8",
                      "grid-lg-9": "MuiGrid-grid-lg-9",
                      "grid-lg-auto": "MuiGrid-grid-lg-auto",
                      "grid-lg-true": "MuiGrid-grid-lg-true",
                      "grid-md-1": "MuiGrid-grid-md-1",
                      "grid-md-10": "MuiGrid-grid-md-10",
                      "grid-md-11": "MuiGrid-grid-md-11",
                      "grid-md-12": "MuiGrid-grid-md-12",
                      "grid-md-2": "MuiGrid-grid-md-2",
                      "grid-md-3": "MuiGrid-grid-md-3",
                      "grid-md-4": "MuiGrid-grid-md-4",
                      "grid-md-5": "MuiGrid-grid-md-5",
                      "grid-md-6": "MuiGrid-grid-md-6",
                      "grid-md-7": "MuiGrid-grid-md-7",
                      "grid-md-8": "MuiGrid-grid-md-8",
                      "grid-md-9": "MuiGrid-grid-md-9",
                      "grid-md-auto": "MuiGrid-grid-md-auto",
                      "grid-md-true": "MuiGrid-grid-md-true",
                      "grid-sm-1": "MuiGrid-grid-sm-1",
                      "grid-sm-10": "MuiGrid-grid-sm-10",
                      "grid-sm-11": "MuiGrid-grid-sm-11",
                      "grid-sm-12": "MuiGrid-grid-sm-12",
                      "grid-sm-2": "MuiGrid-grid-sm-2",
                      "grid-sm-3": "MuiGrid-grid-sm-3",
                      "grid-sm-4": "MuiGrid-grid-sm-4",
                      "grid-sm-5": "MuiGrid-grid-sm-5",
                      "grid-sm-6": "MuiGrid-grid-sm-6",
                      "grid-sm-7": "MuiGrid-grid-sm-7",
                      "grid-sm-8": "MuiGrid-grid-sm-8",
                      "grid-sm-9": "MuiGrid-grid-sm-9",
                      "grid-sm-auto": "MuiGrid-grid-sm-auto",
                      "grid-sm-true": "MuiGrid-grid-sm-true",
                      "grid-xl-1": "MuiGrid-grid-xl-1",
                      "grid-xl-10": "MuiGrid-grid-xl-10",
                      "grid-xl-11": "MuiGrid-grid-xl-11",
                      "grid-xl-12": "MuiGrid-grid-xl-12",
                      "grid-xl-2": "MuiGrid-grid-xl-2",
                      "grid-xl-3": "MuiGrid-grid-xl-3",
                      "grid-xl-4": "MuiGrid-grid-xl-4",
                      "grid-xl-5": "MuiGrid-grid-xl-5",
                      "grid-xl-6": "MuiGrid-grid-xl-6",
                      "grid-xl-7": "MuiGrid-grid-xl-7",
                      "grid-xl-8": "MuiGrid-grid-xl-8",
                      "grid-xl-9": "MuiGrid-grid-xl-9",
                      "grid-xl-auto": "MuiGrid-grid-xl-auto",
                      "grid-xl-true": "MuiGrid-grid-xl-true",
                      "grid-xs-1": "MuiGrid-grid-xs-1",
                      "grid-xs-10": "MuiGrid-grid-xs-10",
                      "grid-xs-11": "MuiGrid-grid-xs-11",
                      "grid-xs-12": "MuiGrid-grid-xs-12",
                      "grid-xs-2": "MuiGrid-grid-xs-2",
                      "grid-xs-3": "MuiGrid-grid-xs-3",
                      "grid-xs-4": "MuiGrid-grid-xs-4",
                      "grid-xs-5": "MuiGrid-grid-xs-5",
                      "grid-xs-6": "MuiGrid-grid-xs-6",
                      "grid-xs-7": "MuiGrid-grid-xs-7",
                      "grid-xs-8": "MuiGrid-grid-xs-8",
                      "grid-xs-9": "MuiGrid-grid-xs-9",
                      "grid-xs-auto": "MuiGrid-grid-xs-auto",
                      "grid-xs-true": "MuiGrid-grid-xs-true",
                      "item": "MuiGrid-item",
                      "justify-content-xs-center": "MuiGrid-justify-content-xs-center",
                      "justify-content-xs-flex-end": "MuiGrid-justify-content-xs-flex-end",
                      "justify-content-xs-space-around": "MuiGrid-justify-content-xs-space-around",
                      "justify-content-xs-space-between": "MuiGrid-justify-content-xs-space-between",
                      "justify-content-xs-space-evenly": "MuiGrid-justify-content-xs-space-evenly",
                      "root": "MuiGrid-root",
                      "spacing-xs-1": "MuiGrid-spacing-xs-1",
                      "spacing-xs-10": "MuiGrid-spacing-xs-10",
                      "spacing-xs-2": "MuiGrid-spacing-xs-2",
                      "spacing-xs-3": "MuiGrid-spacing-xs-3",
                      "spacing-xs-4": "MuiGrid-spacing-xs-4",
                      "spacing-xs-5": "MuiGrid-spacing-xs-5",
                      "spacing-xs-6": "MuiGrid-spacing-xs-6",
                      "spacing-xs-7": "MuiGrid-spacing-xs-7",
                      "spacing-xs-8": "MuiGrid-spacing-xs-8",
                      "spacing-xs-9": "MuiGrid-spacing-xs-9",
                      "wrap-xs-nowrap": "MuiGrid-wrap-xs-nowrap",
                      "wrap-xs-wrap-reverse": "MuiGrid-wrap-xs-wrap-reverse",
                      "zeroMinWidth": "MuiGrid-zeroMinWidth",
                    }
                  }
                  container={true}
                  item={true}
                  justifyContent="center"
                  xs={12}
                >
                  <div
                    className="MuiGrid-root inputWrapper MuiGrid-container MuiGrid-item MuiGrid-align-items-xs-center MuiGrid-justify-content-xs-center MuiGrid-grid-xs-12"
                  >
                    <WithStyles(ForwardRef(Slider))
                      ValueLabelComponent={[Function]}
                      aria-label="custom thumb label"
                      classes={
                        Object {
                          "disabled": "disabled",
                          "root": "sliderRoot",
                        }
                      }
                      color="secondary"
                      defaultValue={0}
                      disabled={false}
                      marks={
                        Array [
                          Object {
                            "label": "1",
                            "value": 1,
                          },
                          Object {
                            "label": "50",
                            "value": 50,
                          },
                        ]
                      }
                      max={null}
                      min={null}
                      onChange={[Function]}
                      step={1}
                      value={0}
                    >
                      <ForwardRef(Slider)
                        ValueLabelComponent={[Function]}
                        aria-label="custom thumb label"
                        classes={
                          Object {
                            "active": "MuiSlider-active",
                            "colorPrimary": "MuiSlider-colorPrimary",
                            "colorSecondary": "MuiSlider-colorSecondary",
                            "disabled": "Mui-disabled disabled",
                            "focusVisible": "Mui-focusVisible",
                            "mark": "MuiSlider-mark",
                            "markActive": "MuiSlider-markActive",
                            "markLabel": "MuiSlider-markLabel",
                            "markLabelActive": "MuiSlider-markLabelActive",
                            "marked": "MuiSlider-marked",
                            "rail": "MuiSlider-rail",
                            "root": "MuiSlider-root sliderRoot",
                            "thumb": "MuiSlider-thumb",
                            "thumbColorPrimary": "MuiSlider-thumbColorPrimary",
                            "thumbColorSecondary": "MuiSlider-thumbColorSecondary",
                            "track": "MuiSlider-track",
                            "trackFalse": "MuiSlider-trackFalse",
                            "trackInverted": "MuiSlider-trackInverted",
                            "valueLabel": "MuiSlider-valueLabel",
                            "vertical": "MuiSlider-vertical",
                          }
                        }
                        color="secondary"
                        defaultValue={0}
                        disabled={false}
                        marks={
                          Array [
                            Object {
                              "label": "1",
                              "value": 1,
                            },
                            Object {
                              "label": "50",
                              "value": 50,
                            },
                          ]
                        }
                        max={null}
                        min={null}
                        onChange={[Function]}
                        step={1}
                        value={0}
                      >
                        <span
                          className="MuiSlider-root sliderRoot MuiSlider-colorSecondary MuiSlider-marked"
                          onMouseDown={[Function]}
                        >
                          <span
                            className="MuiSlider-rail"
                          />
                          <span
                            className="MuiSlider-track"
                            style={
                              Object {
                                "left": "NaN%",
                                "width": "NaN%",
                              }
                            }
                          />
                          <input
                            type="hidden"
                            value="0"
                          />
                          <span
                            className="MuiSlider-mark"
                            data-index={0}
                            style={
                              Object {
                                "left": "Infinity%",
                              }
                            }
                          />
                          <span
                            aria-hidden={true}
                            className="MuiSlider-markLabel"
                            data-index={0}
                            style={
                              Object {
                                "left": "Infinity%",
                              }
                            }
                          >
                            1
                          </span>
                          <span
                            className="MuiSlider-mark"
                            data-index={1}
                            style={
                              Object {
                                "left": "Infinity%",
                              }
                            }
                          />
                          <span
                            aria-hidden={true}
                            className="MuiSlider-markLabel"
                            data-index={1}
                            style={
                              Object {
                                "left": "Infinity%",
                              }
                            }
                          >
                            50
                          </span>
                          <ValueLabelComponent
                            className="MuiSlider-valueLabel"
                            disabled={false}
                            index={0}
                            key="0"
                            open={false}
                            value={0}
                            valueLabelDisplay="off"
                            valueLabelFormat={[Function]}
                          >
                            <div>
                              <WithStyles(ForwardRef(Tooltip))
                                PopperProps={
                                  Object {
                                    "popperRef": Object {
                                      "current": null,
                                    },
                                  }
                                }
                                enterTouchDelay={0}
                                open={false}
                                placement="top"
                                title={0}
                              >
                                <ForwardRef(Tooltip)
                                  PopperProps={
                                    Object {
                                      "popperRef": Object {
                                        "current": null,
                                      },
                                    }
                                  }
                                  classes={
                                    Object {
                                      "arrow": "MuiTooltip-arrow",
                                      "popper": "MuiTooltip-popper",
                                      "popperArrow": "MuiTooltip-popperArrow",
                                      "popperInteractive": "MuiTooltip-popperInteractive",
                                      "tooltip": "MuiTooltip-tooltip",
                                      "tooltipArrow": "MuiTooltip-tooltipArrow",
                                      "tooltipPlacementBottom": "MuiTooltip-tooltipPlacementBottom",
                                      "tooltipPlacementLeft": "MuiTooltip-tooltipPlacementLeft",
                                      "tooltipPlacementRight": "MuiTooltip-tooltipPlacementRight",
                                      "tooltipPlacementTop": "MuiTooltip-tooltipPlacementTop",
                                      "touch": "MuiTooltip-touch",
                                    }
                                  }
                                  enterTouchDelay={0}
                                  open={false}
                                  placement="top"
                                  title={0}
                                >
                                  <span
                                    aria-describedby={null}
                                    aria-label="custom thumb label"
                                    aria-orientation="horizontal"
                                    aria-valuemax={null}
                                    aria-valuemin={null}
                                    aria-valuenow={0}
                                    className="MuiSlider-thumb MuiSlider-thumbColorSecondary"
                                    data-index={0}
                                    onBlur={[Function]}
                                    onFocus={[Function]}
                                    onKeyDown={[Function]}
                                    onMouseLeave={[Function]}
                                    onMouseOver={[Function]}
                                    onTouchEnd={[Function]}
                                    onTouchStart={[Function]}
                                    role="slider"
                                    style={
                                      Object {
                                        "left": "NaN%",
                                      }
                                    }
                                    tabIndex={0}
                                    title={null}
                                  />
                                  <ForwardRef(Popper)
                                    anchorEl={
                                      <span
                                        aria-label="custom thumb label"
                                        aria-orientation="horizontal"
                                        aria-valuenow="0"
                                        class="MuiSlider-thumb MuiSlider-thumbColorSecondary"
                                        data-index="0"
                                        role="slider"
                                        tabindex="0"
                                      />
                                    }
                                    className="MuiTooltip-popper"
                                    id={null}
                                    open={false}
                                    placement="top"
                                    popperOptions={
                                      Object {
                                        "modifiers": Object {
                                          "arrow": Object {
                                            "element": null,
                                            "enabled": false,
                                          },
                                        },
                                      }
                                    }
                                    popperRef={
                                      Object {
                                        "current": null,
                                      }
                                    }
                                    transition={true}
                                  />
                                </ForwardRef(Tooltip)>
                              </WithStyles(ForwardRef(Tooltip))>
                            </div>
                          </ValueLabelComponent>
                        </span>
                      </ForwardRef(Slider)>
                    </WithStyles(ForwardRef(Slider))>
                  </div>
                </ForwardRef(Grid)>
              </WithStyles(ForwardRef(Grid))>
            </div>
          </ForwardRef(Grid)>
        </WithStyles(ForwardRef(Grid))>
      </div>
    </ForwardRef(Grid)>
  </WithStyles(ForwardRef(Grid))>
</SliderComponent>
`;
