// Jest Snapshot v1, https://goo.gl/fbAQLP

exports[`components/NumberField Renders default options 1`] = `
<WithStyles(ForwardRef(Grid))
  className="container"
  container={true}
  direction="row"
  item={true}
  justifyContent="space-between"
>
  <WithStyles(ForwardRef(Grid))
    item={true}
    sm={12}
    xs={12}
  >
    <WithStyles(ForwardRef(Grid))
      className="inputWrapper"
      item={true}
      sm={12}
      xs={12}
    >
      <input
        autoFocus={false}
        className="input"
        disabled={false}
        label=""
        maxLength={1000}
        name=""
        onChange={[Function]}
        placeholder=""
        step={1}
        type="number"
        value=""
      />
    </WithStyles(ForwardRef(Grid))>
  </WithStyles(ForwardRef(Grid))>
</WithStyles(ForwardRef(Grid))>
`;

exports[`components/NumberField Renders with options 1`] = `
<NumberField
  autoFocus={false}
  closeButton={false}
  disabled={true}
  hideButton={false}
  input={
    Object {
      "onChange": [MockFunction],
    }
  }
  isFieldValue={true}
  label="Label"
  maxLength={1000}
  meta={
    Object {
      "error": "Error",
      "submitFailed": true,
    }
  }
  name=""
  onCloseButtonClick={[Function]}
  onHideBtnClick={[Function]}
  onValueChange={[Function]}
  placeholder=""
  propValue=""
  row={true}
  selected=""
  step={1}
  visible={false}
>
  <WithStyles(ForwardRef(Grid))
    className="container"
    container={true}
    direction="row"
    item={true}
    justifyContent="space-between"
  >
    <ForwardRef(Grid)
      className="container"
      classes={
        Object {
          "align-content-xs-center": "MuiGrid-align-content-xs-center",
          "align-content-xs-flex-end": "MuiGrid-align-content-xs-flex-end",
          "align-content-xs-flex-start": "MuiGrid-align-content-xs-flex-start",
          "align-content-xs-space-around": "MuiGrid-align-content-xs-space-around",
          "align-content-xs-space-between": "MuiGrid-align-content-xs-space-between",
          "align-items-xs-baseline": "MuiGrid-align-items-xs-baseline",
          "align-items-xs-center": "MuiGrid-align-items-xs-center",
          "align-items-xs-flex-end": "MuiGrid-align-items-xs-flex-end",
          "align-items-xs-flex-start": "MuiGrid-align-items-xs-flex-start",
          "container": "MuiGrid-container",
          "direction-xs-column": "MuiGrid-direction-xs-column",
          "direction-xs-column-reverse": "MuiGrid-direction-xs-column-reverse",
          "direction-xs-row-reverse": "MuiGrid-direction-xs-row-reverse",
          "grid-lg-1": "MuiGrid-grid-lg-1",
          "grid-lg-10": "MuiGrid-grid-lg-10",
          "grid-lg-11": "MuiGrid-grid-lg-11",
          "grid-lg-12": "MuiGrid-grid-lg-12",
          "grid-lg-2": "MuiGrid-grid-lg-2",
          "grid-lg-3": "MuiGrid-grid-lg-3",
          "grid-lg-4": "MuiGrid-grid-lg-4",
          "grid-lg-5": "MuiGrid-grid-lg-5",
          "grid-lg-6": "MuiGrid-grid-lg-6",
          "grid-lg-7": "MuiGrid-grid-lg-7",
          "grid-lg-8": "MuiGrid-grid-lg-8",
          "grid-lg-9": "MuiGrid-grid-lg-9",
          "grid-lg-auto": "MuiGrid-grid-lg-auto",
          "grid-lg-true": "MuiGrid-grid-lg-true",
          "grid-md-1": "MuiGrid-grid-md-1",
          "grid-md-10": "MuiGrid-grid-md-10",
          "grid-md-11": "MuiGrid-grid-md-11",
          "grid-md-12": "MuiGrid-grid-md-12",
          "grid-md-2": "MuiGrid-grid-md-2",
          "grid-md-3": "MuiGrid-grid-md-3",
          "grid-md-4": "MuiGrid-grid-md-4",
          "grid-md-5": "MuiGrid-grid-md-5",
          "grid-md-6": "MuiGrid-grid-md-6",
          "grid-md-7": "MuiGrid-grid-md-7",
          "grid-md-8": "MuiGrid-grid-md-8",
          "grid-md-9": "MuiGrid-grid-md-9",
          "grid-md-auto": "MuiGrid-grid-md-auto",
          "grid-md-true": "MuiGrid-grid-md-true",
          "grid-sm-1": "MuiGrid-grid-sm-1",
          "grid-sm-10": "MuiGrid-grid-sm-10",
          "grid-sm-11": "MuiGrid-grid-sm-11",
          "grid-sm-12": "MuiGrid-grid-sm-12",
          "grid-sm-2": "MuiGrid-grid-sm-2",
          "grid-sm-3": "MuiGrid-grid-sm-3",
          "grid-sm-4": "MuiGrid-grid-sm-4",
          "grid-sm-5": "MuiGrid-grid-sm-5",
          "grid-sm-6": "MuiGrid-grid-sm-6",
          "grid-sm-7": "MuiGrid-grid-sm-7",
          "grid-sm-8": "MuiGrid-grid-sm-8",
          "grid-sm-9": "MuiGrid-grid-sm-9",
          "grid-sm-auto": "MuiGrid-grid-sm-auto",
          "grid-sm-true": "MuiGrid-grid-sm-true",
          "grid-xl-1": "MuiGrid-grid-xl-1",
          "grid-xl-10": "MuiGrid-grid-xl-10",
          "grid-xl-11": "MuiGrid-grid-xl-11",
          "grid-xl-12": "MuiGrid-grid-xl-12",
          "grid-xl-2": "MuiGrid-grid-xl-2",
          "grid-xl-3": "MuiGrid-grid-xl-3",
          "grid-xl-4": "MuiGrid-grid-xl-4",
          "grid-xl-5": "MuiGrid-grid-xl-5",
          "grid-xl-6": "MuiGrid-grid-xl-6",
          "grid-xl-7": "MuiGrid-grid-xl-7",
          "grid-xl-8": "MuiGrid-grid-xl-8",
          "grid-xl-9": "MuiGrid-grid-xl-9",
          "grid-xl-auto": "MuiGrid-grid-xl-auto",
          "grid-xl-true": "MuiGrid-grid-xl-true",
          "grid-xs-1": "MuiGrid-grid-xs-1",
          "grid-xs-10": "MuiGrid-grid-xs-10",
          "grid-xs-11": "MuiGrid-grid-xs-11",
          "grid-xs-12": "MuiGrid-grid-xs-12",
          "grid-xs-2": "MuiGrid-grid-xs-2",
          "grid-xs-3": "MuiGrid-grid-xs-3",
          "grid-xs-4": "MuiGrid-grid-xs-4",
          "grid-xs-5": "MuiGrid-grid-xs-5",
          "grid-xs-6": "MuiGrid-grid-xs-6",
          "grid-xs-7": "MuiGrid-grid-xs-7",
          "grid-xs-8": "MuiGrid-grid-xs-8",
          "grid-xs-9": "MuiGrid-grid-xs-9",
          "grid-xs-auto": "MuiGrid-grid-xs-auto",
          "grid-xs-true": "MuiGrid-grid-xs-true",
          "item": "MuiGrid-item",
          "justify-content-xs-center": "MuiGrid-justify-content-xs-center",
          "justify-content-xs-flex-end": "MuiGrid-justify-content-xs-flex-end",
          "justify-content-xs-space-around": "MuiGrid-justify-content-xs-space-around",
          "justify-content-xs-space-between": "MuiGrid-justify-content-xs-space-between",
          "justify-content-xs-space-evenly": "MuiGrid-justify-content-xs-space-evenly",
          "root": "MuiGrid-root",
          "spacing-xs-1": "MuiGrid-spacing-xs-1",
          "spacing-xs-10": "MuiGrid-spacing-xs-10",
          "spacing-xs-2": "MuiGrid-spacing-xs-2",
          "spacing-xs-3": "MuiGrid-spacing-xs-3",
          "spacing-xs-4": "MuiGrid-spacing-xs-4",
          "spacing-xs-5": "MuiGrid-spacing-xs-5",
          "spacing-xs-6": "MuiGrid-spacing-xs-6",
          "spacing-xs-7": "MuiGrid-spacing-xs-7",
          "spacing-xs-8": "MuiGrid-spacing-xs-8",
          "spacing-xs-9": "MuiGrid-spacing-xs-9",
          "wrap-xs-nowrap": "MuiGrid-wrap-xs-nowrap",
          "wrap-xs-wrap-reverse": "MuiGrid-wrap-xs-wrap-reverse",
          "zeroMinWidth": "MuiGrid-zeroMinWidth",
        }
      }
      container={true}
      direction="row"
      item={true}
      justifyContent="space-between"
    >
      <div
        className="MuiGrid-root container MuiGrid-container MuiGrid-item MuiGrid-justify-content-xs-space-between"
      >
        <WithStyles(ForwardRef(Grid))
          className="label"
          item={true}
          sm={6}
          xs={12}
        >
          <ForwardRef(Grid)
            className="label"
            classes={
              Object {
                "align-content-xs-center": "MuiGrid-align-content-xs-center",
                "align-content-xs-flex-end": "MuiGrid-align-content-xs-flex-end",
                "align-content-xs-flex-start": "MuiGrid-align-content-xs-flex-start",
                "align-content-xs-space-around": "MuiGrid-align-content-xs-space-around",
                "align-content-xs-space-between": "MuiGrid-align-content-xs-space-between",
                "align-items-xs-baseline": "MuiGrid-align-items-xs-baseline",
                "align-items-xs-center": "MuiGrid-align-items-xs-center",
                "align-items-xs-flex-end": "MuiGrid-align-items-xs-flex-end",
                "align-items-xs-flex-start": "MuiGrid-align-items-xs-flex-start",
                "container": "MuiGrid-container",
                "direction-xs-column": "MuiGrid-direction-xs-column",
                "direction-xs-column-reverse": "MuiGrid-direction-xs-column-reverse",
                "direction-xs-row-reverse": "MuiGrid-direction-xs-row-reverse",
                "grid-lg-1": "MuiGrid-grid-lg-1",
                "grid-lg-10": "MuiGrid-grid-lg-10",
                "grid-lg-11": "MuiGrid-grid-lg-11",
                "grid-lg-12": "MuiGrid-grid-lg-12",
                "grid-lg-2": "MuiGrid-grid-lg-2",
                "grid-lg-3": "MuiGrid-grid-lg-3",
                "grid-lg-4": "MuiGrid-grid-lg-4",
                "grid-lg-5": "MuiGrid-grid-lg-5",
                "grid-lg-6": "MuiGrid-grid-lg-6",
                "grid-lg-7": "MuiGrid-grid-lg-7",
                "grid-lg-8": "MuiGrid-grid-lg-8",
                "grid-lg-9": "MuiGrid-grid-lg-9",
                "grid-lg-auto": "MuiGrid-grid-lg-auto",
                "grid-lg-true": "MuiGrid-grid-lg-true",
                "grid-md-1": "MuiGrid-grid-md-1",
                "grid-md-10": "MuiGrid-grid-md-10",
                "grid-md-11": "MuiGrid-grid-md-11",
                "grid-md-12": "MuiGrid-grid-md-12",
                "grid-md-2": "MuiGrid-grid-md-2",
                "grid-md-3": "MuiGrid-grid-md-3",
                "grid-md-4": "MuiGrid-grid-md-4",
                "grid-md-5": "MuiGrid-grid-md-5",
                "grid-md-6": "MuiGrid-grid-md-6",
                "grid-md-7": "MuiGrid-grid-md-7",
                "grid-md-8": "MuiGrid-grid-md-8",
                "grid-md-9": "MuiGrid-grid-md-9",
                "grid-md-auto": "MuiGrid-grid-md-auto",
                "grid-md-true": "MuiGrid-grid-md-true",
                "grid-sm-1": "MuiGrid-grid-sm-1",
                "grid-sm-10": "MuiGrid-grid-sm-10",
                "grid-sm-11": "MuiGrid-grid-sm-11",
                "grid-sm-12": "MuiGrid-grid-sm-12",
                "grid-sm-2": "MuiGrid-grid-sm-2",
                "grid-sm-3": "MuiGrid-grid-sm-3",
                "grid-sm-4": "MuiGrid-grid-sm-4",
                "grid-sm-5": "MuiGrid-grid-sm-5",
                "grid-sm-6": "MuiGrid-grid-sm-6",
                "grid-sm-7": "MuiGrid-grid-sm-7",
                "grid-sm-8": "MuiGrid-grid-sm-8",
                "grid-sm-9": "MuiGrid-grid-sm-9",
                "grid-sm-auto": "MuiGrid-grid-sm-auto",
                "grid-sm-true": "MuiGrid-grid-sm-true",
                "grid-xl-1": "MuiGrid-grid-xl-1",
                "grid-xl-10": "MuiGrid-grid-xl-10",
                "grid-xl-11": "MuiGrid-grid-xl-11",
                "grid-xl-12": "MuiGrid-grid-xl-12",
                "grid-xl-2": "MuiGrid-grid-xl-2",
                "grid-xl-3": "MuiGrid-grid-xl-3",
                "grid-xl-4": "MuiGrid-grid-xl-4",
                "grid-xl-5": "MuiGrid-grid-xl-5",
                "grid-xl-6": "MuiGrid-grid-xl-6",
                "grid-xl-7": "MuiGrid-grid-xl-7",
                "grid-xl-8": "MuiGrid-grid-xl-8",
                "grid-xl-9": "MuiGrid-grid-xl-9",
                "grid-xl-auto": "MuiGrid-grid-xl-auto",
                "grid-xl-true": "MuiGrid-grid-xl-true",
                "grid-xs-1": "MuiGrid-grid-xs-1",
                "grid-xs-10": "MuiGrid-grid-xs-10",
                "grid-xs-11": "MuiGrid-grid-xs-11",
                "grid-xs-12": "MuiGrid-grid-xs-12",
                "grid-xs-2": "MuiGrid-grid-xs-2",
                "grid-xs-3": "MuiGrid-grid-xs-3",
                "grid-xs-4": "MuiGrid-grid-xs-4",
                "grid-xs-5": "MuiGrid-grid-xs-5",
                "grid-xs-6": "MuiGrid-grid-xs-6",
                "grid-xs-7": "MuiGrid-grid-xs-7",
                "grid-xs-8": "MuiGrid-grid-xs-8",
                "grid-xs-9": "MuiGrid-grid-xs-9",
                "grid-xs-auto": "MuiGrid-grid-xs-auto",
                "grid-xs-true": "MuiGrid-grid-xs-true",
                "item": "MuiGrid-item",
                "justify-content-xs-center": "MuiGrid-justify-content-xs-center",
                "justify-content-xs-flex-end": "MuiGrid-justify-content-xs-flex-end",
                "justify-content-xs-space-around": "MuiGrid-justify-content-xs-space-around",
                "justify-content-xs-space-between": "MuiGrid-justify-content-xs-space-between",
                "justify-content-xs-space-evenly": "MuiGrid-justify-content-xs-space-evenly",
                "root": "MuiGrid-root",
                "spacing-xs-1": "MuiGrid-spacing-xs-1",
                "spacing-xs-10": "MuiGrid-spacing-xs-10",
                "spacing-xs-2": "MuiGrid-spacing-xs-2",
                "spacing-xs-3": "MuiGrid-spacing-xs-3",
                "spacing-xs-4": "MuiGrid-spacing-xs-4",
                "spacing-xs-5": "MuiGrid-spacing-xs-5",
                "spacing-xs-6": "MuiGrid-spacing-xs-6",
                "spacing-xs-7": "MuiGrid-spacing-xs-7",
                "spacing-xs-8": "MuiGrid-spacing-xs-8",
                "spacing-xs-9": "MuiGrid-spacing-xs-9",
                "wrap-xs-nowrap": "MuiGrid-wrap-xs-nowrap",
                "wrap-xs-wrap-reverse": "MuiGrid-wrap-xs-wrap-reverse",
                "zeroMinWidth": "MuiGrid-zeroMinWidth",
              }
            }
            item={true}
            sm={6}
            xs={12}
          >
            <div
              className="MuiGrid-root label MuiGrid-item MuiGrid-grid-xs-12 MuiGrid-grid-sm-6"
            >
              <span>
                Label
                 
              </span>
              <div
                className="buttons"
              />
            </div>
          </ForwardRef(Grid)>
        </WithStyles(ForwardRef(Grid))>
        <WithStyles(ForwardRef(Grid))
          item={true}
          sm={6}
          xs={12}
        >
          <ForwardRef(Grid)
            classes={
              Object {
                "align-content-xs-center": "MuiGrid-align-content-xs-center",
                "align-content-xs-flex-end": "MuiGrid-align-content-xs-flex-end",
                "align-content-xs-flex-start": "MuiGrid-align-content-xs-flex-start",
                "align-content-xs-space-around": "MuiGrid-align-content-xs-space-around",
                "align-content-xs-space-between": "MuiGrid-align-content-xs-space-between",
                "align-items-xs-baseline": "MuiGrid-align-items-xs-baseline",
                "align-items-xs-center": "MuiGrid-align-items-xs-center",
                "align-items-xs-flex-end": "MuiGrid-align-items-xs-flex-end",
                "align-items-xs-flex-start": "MuiGrid-align-items-xs-flex-start",
                "container": "MuiGrid-container",
                "direction-xs-column": "MuiGrid-direction-xs-column",
                "direction-xs-column-reverse": "MuiGrid-direction-xs-column-reverse",
                "direction-xs-row-reverse": "MuiGrid-direction-xs-row-reverse",
                "grid-lg-1": "MuiGrid-grid-lg-1",
                "grid-lg-10": "MuiGrid-grid-lg-10",
                "grid-lg-11": "MuiGrid-grid-lg-11",
                "grid-lg-12": "MuiGrid-grid-lg-12",
                "grid-lg-2": "MuiGrid-grid-lg-2",
                "grid-lg-3": "MuiGrid-grid-lg-3",
                "grid-lg-4": "MuiGrid-grid-lg-4",
                "grid-lg-5": "MuiGrid-grid-lg-5",
                "grid-lg-6": "MuiGrid-grid-lg-6",
                "grid-lg-7": "MuiGrid-grid-lg-7",
                "grid-lg-8": "MuiGrid-grid-lg-8",
                "grid-lg-9": "MuiGrid-grid-lg-9",
                "grid-lg-auto": "MuiGrid-grid-lg-auto",
                "grid-lg-true": "MuiGrid-grid-lg-true",
                "grid-md-1": "MuiGrid-grid-md-1",
                "grid-md-10": "MuiGrid-grid-md-10",
                "grid-md-11": "MuiGrid-grid-md-11",
                "grid-md-12": "MuiGrid-grid-md-12",
                "grid-md-2": "MuiGrid-grid-md-2",
                "grid-md-3": "MuiGrid-grid-md-3",
                "grid-md-4": "MuiGrid-grid-md-4",
                "grid-md-5": "MuiGrid-grid-md-5",
                "grid-md-6": "MuiGrid-grid-md-6",
                "grid-md-7": "MuiGrid-grid-md-7",
                "grid-md-8": "MuiGrid-grid-md-8",
                "grid-md-9": "MuiGrid-grid-md-9",
                "grid-md-auto": "MuiGrid-grid-md-auto",
                "grid-md-true": "MuiGrid-grid-md-true",
                "grid-sm-1": "MuiGrid-grid-sm-1",
                "grid-sm-10": "MuiGrid-grid-sm-10",
                "grid-sm-11": "MuiGrid-grid-sm-11",
                "grid-sm-12": "MuiGrid-grid-sm-12",
                "grid-sm-2": "MuiGrid-grid-sm-2",
                "grid-sm-3": "MuiGrid-grid-sm-3",
                "grid-sm-4": "MuiGrid-grid-sm-4",
                "grid-sm-5": "MuiGrid-grid-sm-5",
                "grid-sm-6": "MuiGrid-grid-sm-6",
                "grid-sm-7": "MuiGrid-grid-sm-7",
                "grid-sm-8": "MuiGrid-grid-sm-8",
                "grid-sm-9": "MuiGrid-grid-sm-9",
                "grid-sm-auto": "MuiGrid-grid-sm-auto",
                "grid-sm-true": "MuiGrid-grid-sm-true",
                "grid-xl-1": "MuiGrid-grid-xl-1",
                "grid-xl-10": "MuiGrid-grid-xl-10",
                "grid-xl-11": "MuiGrid-grid-xl-11",
                "grid-xl-12": "MuiGrid-grid-xl-12",
                "grid-xl-2": "MuiGrid-grid-xl-2",
                "grid-xl-3": "MuiGrid-grid-xl-3",
                "grid-xl-4": "MuiGrid-grid-xl-4",
                "grid-xl-5": "MuiGrid-grid-xl-5",
                "grid-xl-6": "MuiGrid-grid-xl-6",
                "grid-xl-7": "MuiGrid-grid-xl-7",
                "grid-xl-8": "MuiGrid-grid-xl-8",
                "grid-xl-9": "MuiGrid-grid-xl-9",
                "grid-xl-auto": "MuiGrid-grid-xl-auto",
                "grid-xl-true": "MuiGrid-grid-xl-true",
                "grid-xs-1": "MuiGrid-grid-xs-1",
                "grid-xs-10": "MuiGrid-grid-xs-10",
                "grid-xs-11": "MuiGrid-grid-xs-11",
                "grid-xs-12": "MuiGrid-grid-xs-12",
                "grid-xs-2": "MuiGrid-grid-xs-2",
                "grid-xs-3": "MuiGrid-grid-xs-3",
                "grid-xs-4": "MuiGrid-grid-xs-4",
                "grid-xs-5": "MuiGrid-grid-xs-5",
                "grid-xs-6": "MuiGrid-grid-xs-6",
                "grid-xs-7": "MuiGrid-grid-xs-7",
                "grid-xs-8": "MuiGrid-grid-xs-8",
                "grid-xs-9": "MuiGrid-grid-xs-9",
                "grid-xs-auto": "MuiGrid-grid-xs-auto",
                "grid-xs-true": "MuiGrid-grid-xs-true",
                "item": "MuiGrid-item",
                "justify-content-xs-center": "MuiGrid-justify-content-xs-center",
                "justify-content-xs-flex-end": "MuiGrid-justify-content-xs-flex-end",
                "justify-content-xs-space-around": "MuiGrid-justify-content-xs-space-around",
                "justify-content-xs-space-between": "MuiGrid-justify-content-xs-space-between",
                "justify-content-xs-space-evenly": "MuiGrid-justify-content-xs-space-evenly",
                "root": "MuiGrid-root",
                "spacing-xs-1": "MuiGrid-spacing-xs-1",
                "spacing-xs-10": "MuiGrid-spacing-xs-10",
                "spacing-xs-2": "MuiGrid-spacing-xs-2",
                "spacing-xs-3": "MuiGrid-spacing-xs-3",
                "spacing-xs-4": "MuiGrid-spacing-xs-4",
                "spacing-xs-5": "MuiGrid-spacing-xs-5",
                "spacing-xs-6": "MuiGrid-spacing-xs-6",
                "spacing-xs-7": "MuiGrid-spacing-xs-7",
                "spacing-xs-8": "MuiGrid-spacing-xs-8",
                "spacing-xs-9": "MuiGrid-spacing-xs-9",
                "wrap-xs-nowrap": "MuiGrid-wrap-xs-nowrap",
                "wrap-xs-wrap-reverse": "MuiGrid-wrap-xs-wrap-reverse",
                "zeroMinWidth": "MuiGrid-zeroMinWidth",
              }
            }
            item={true}
            sm={6}
            xs={12}
          >
            <div
              className="MuiGrid-root MuiGrid-item MuiGrid-grid-xs-12 MuiGrid-grid-sm-6"
            >
              <WithStyles(ForwardRef(Grid))
                className="inputWrapper"
                item={true}
                sm={12}
                xs={12}
              >
                <ForwardRef(Grid)
                  className="inputWrapper"
                  classes={
                    Object {
                      "align-content-xs-center": "MuiGrid-align-content-xs-center",
                      "align-content-xs-flex-end": "MuiGrid-align-content-xs-flex-end",
                      "align-content-xs-flex-start": "MuiGrid-align-content-xs-flex-start",
                      "align-content-xs-space-around": "MuiGrid-align-content-xs-space-around",
                      "align-content-xs-space-between": "MuiGrid-align-content-xs-space-between",
                      "align-items-xs-baseline": "MuiGrid-align-items-xs-baseline",
                      "align-items-xs-center": "MuiGrid-align-items-xs-center",
                      "align-items-xs-flex-end": "MuiGrid-align-items-xs-flex-end",
                      "align-items-xs-flex-start": "MuiGrid-align-items-xs-flex-start",
                      "container": "MuiGrid-container",
                      "direction-xs-column": "MuiGrid-direction-xs-column",
                      "direction-xs-column-reverse": "MuiGrid-direction-xs-column-reverse",
                      "direction-xs-row-reverse": "MuiGrid-direction-xs-row-reverse",
                      "grid-lg-1": "MuiGrid-grid-lg-1",
                      "grid-lg-10": "MuiGrid-grid-lg-10",
                      "grid-lg-11": "MuiGrid-grid-lg-11",
                      "grid-lg-12": "MuiGrid-grid-lg-12",
                      "grid-lg-2": "MuiGrid-grid-lg-2",
                      "grid-lg-3": "MuiGrid-grid-lg-3",
                      "grid-lg-4": "MuiGrid-grid-lg-4",
                      "grid-lg-5": "MuiGrid-grid-lg-5",
                      "grid-lg-6": "MuiGrid-grid-lg-6",
                      "grid-lg-7": "MuiGrid-grid-lg-7",
                      "grid-lg-8": "MuiGrid-grid-lg-8",
                      "grid-lg-9": "MuiGrid-grid-lg-9",
                      "grid-lg-auto": "MuiGrid-grid-lg-auto",
                      "grid-lg-true": "MuiGrid-grid-lg-true",
                      "grid-md-1": "MuiGrid-grid-md-1",
                      "grid-md-10": "MuiGrid-grid-md-10",
                      "grid-md-11": "MuiGrid-grid-md-11",
                      "grid-md-12": "MuiGrid-grid-md-12",
                      "grid-md-2": "MuiGrid-grid-md-2",
                      "grid-md-3": "MuiGrid-grid-md-3",
                      "grid-md-4": "MuiGrid-grid-md-4",
                      "grid-md-5": "MuiGrid-grid-md-5",
                      "grid-md-6": "MuiGrid-grid-md-6",
                      "grid-md-7": "MuiGrid-grid-md-7",
                      "grid-md-8": "MuiGrid-grid-md-8",
                      "grid-md-9": "MuiGrid-grid-md-9",
                      "grid-md-auto": "MuiGrid-grid-md-auto",
                      "grid-md-true": "MuiGrid-grid-md-true",
                      "grid-sm-1": "MuiGrid-grid-sm-1",
                      "grid-sm-10": "MuiGrid-grid-sm-10",
                      "grid-sm-11": "MuiGrid-grid-sm-11",
                      "grid-sm-12": "MuiGrid-grid-sm-12",
                      "grid-sm-2": "MuiGrid-grid-sm-2",
                      "grid-sm-3": "MuiGrid-grid-sm-3",
                      "grid-sm-4": "MuiGrid-grid-sm-4",
                      "grid-sm-5": "MuiGrid-grid-sm-5",
                      "grid-sm-6": "MuiGrid-grid-sm-6",
                      "grid-sm-7": "MuiGrid-grid-sm-7",
                      "grid-sm-8": "MuiGrid-grid-sm-8",
                      "grid-sm-9": "MuiGrid-grid-sm-9",
                      "grid-sm-auto": "MuiGrid-grid-sm-auto",
                      "grid-sm-true": "MuiGrid-grid-sm-true",
                      "grid-xl-1": "MuiGrid-grid-xl-1",
                      "grid-xl-10": "MuiGrid-grid-xl-10",
                      "grid-xl-11": "MuiGrid-grid-xl-11",
                      "grid-xl-12": "MuiGrid-grid-xl-12",
                      "grid-xl-2": "MuiGrid-grid-xl-2",
                      "grid-xl-3": "MuiGrid-grid-xl-3",
                      "grid-xl-4": "MuiGrid-grid-xl-4",
                      "grid-xl-5": "MuiGrid-grid-xl-5",
                      "grid-xl-6": "MuiGrid-grid-xl-6",
                      "grid-xl-7": "MuiGrid-grid-xl-7",
                      "grid-xl-8": "MuiGrid-grid-xl-8",
                      "grid-xl-9": "MuiGrid-grid-xl-9",
                      "grid-xl-auto": "MuiGrid-grid-xl-auto",
                      "grid-xl-true": "MuiGrid-grid-xl-true",
                      "grid-xs-1": "MuiGrid-grid-xs-1",
                      "grid-xs-10": "MuiGrid-grid-xs-10",
                      "grid-xs-11": "MuiGrid-grid-xs-11",
                      "grid-xs-12": "MuiGrid-grid-xs-12",
                      "grid-xs-2": "MuiGrid-grid-xs-2",
                      "grid-xs-3": "MuiGrid-grid-xs-3",
                      "grid-xs-4": "MuiGrid-grid-xs-4",
                      "grid-xs-5": "MuiGrid-grid-xs-5",
                      "grid-xs-6": "MuiGrid-grid-xs-6",
                      "grid-xs-7": "MuiGrid-grid-xs-7",
                      "grid-xs-8": "MuiGrid-grid-xs-8",
                      "grid-xs-9": "MuiGrid-grid-xs-9",
                      "grid-xs-auto": "MuiGrid-grid-xs-auto",
                      "grid-xs-true": "MuiGrid-grid-xs-true",
                      "item": "MuiGrid-item",
                      "justify-content-xs-center": "MuiGrid-justify-content-xs-center",
                      "justify-content-xs-flex-end": "MuiGrid-justify-content-xs-flex-end",
                      "justify-content-xs-space-around": "MuiGrid-justify-content-xs-space-around",
                      "justify-content-xs-space-between": "MuiGrid-justify-content-xs-space-between",
                      "justify-content-xs-space-evenly": "MuiGrid-justify-content-xs-space-evenly",
                      "root": "MuiGrid-root",
                      "spacing-xs-1": "MuiGrid-spacing-xs-1",
                      "spacing-xs-10": "MuiGrid-spacing-xs-10",
                      "spacing-xs-2": "MuiGrid-spacing-xs-2",
                      "spacing-xs-3": "MuiGrid-spacing-xs-3",
                      "spacing-xs-4": "MuiGrid-spacing-xs-4",
                      "spacing-xs-5": "MuiGrid-spacing-xs-5",
                      "spacing-xs-6": "MuiGrid-spacing-xs-6",
                      "spacing-xs-7": "MuiGrid-spacing-xs-7",
                      "spacing-xs-8": "MuiGrid-spacing-xs-8",
                      "spacing-xs-9": "MuiGrid-spacing-xs-9",
                      "wrap-xs-nowrap": "MuiGrid-wrap-xs-nowrap",
                      "wrap-xs-wrap-reverse": "MuiGrid-wrap-xs-wrap-reverse",
                      "zeroMinWidth": "MuiGrid-zeroMinWidth",
                    }
                  }
                  item={true}
                  sm={12}
                  xs={12}
                >
                  <div
                    className="MuiGrid-root inputWrapper MuiGrid-item MuiGrid-grid-xs-12 MuiGrid-grid-sm-12"
                  >
                    <input
                      autoFocus={false}
                      className="disabled"
                      disabled={true}
                      label="Label"
                      maxLength={1000}
                      name=""
                      onChange={[Function]}
                      placeholder=""
                      step={1}
                      type="number"
                      value=""
                    />
                  </div>
                </ForwardRef(Grid)>
              </WithStyles(ForwardRef(Grid))>
              <WithStyles(ForwardRef(Grid))
                className="warning"
                item={true}
                xs={12}
              >
                <ForwardRef(Grid)
                  className="warning"
                  classes={
                    Object {
                      "align-content-xs-center": "MuiGrid-align-content-xs-center",
                      "align-content-xs-flex-end": "MuiGrid-align-content-xs-flex-end",
                      "align-content-xs-flex-start": "MuiGrid-align-content-xs-flex-start",
                      "align-content-xs-space-around": "MuiGrid-align-content-xs-space-around",
                      "align-content-xs-space-between": "MuiGrid-align-content-xs-space-between",
                      "align-items-xs-baseline": "MuiGrid-align-items-xs-baseline",
                      "align-items-xs-center": "MuiGrid-align-items-xs-center",
                      "align-items-xs-flex-end": "MuiGrid-align-items-xs-flex-end",
                      "align-items-xs-flex-start": "MuiGrid-align-items-xs-flex-start",
                      "container": "MuiGrid-container",
                      "direction-xs-column": "MuiGrid-direction-xs-column",
                      "direction-xs-column-reverse": "MuiGrid-direction-xs-column-reverse",
                      "direction-xs-row-reverse": "MuiGrid-direction-xs-row-reverse",
                      "grid-lg-1": "MuiGrid-grid-lg-1",
                      "grid-lg-10": "MuiGrid-grid-lg-10",
                      "grid-lg-11": "MuiGrid-grid-lg-11",
                      "grid-lg-12": "MuiGrid-grid-lg-12",
                      "grid-lg-2": "MuiGrid-grid-lg-2",
                      "grid-lg-3": "MuiGrid-grid-lg-3",
                      "grid-lg-4": "MuiGrid-grid-lg-4",
                      "grid-lg-5": "MuiGrid-grid-lg-5",
                      "grid-lg-6": "MuiGrid-grid-lg-6",
                      "grid-lg-7": "MuiGrid-grid-lg-7",
                      "grid-lg-8": "MuiGrid-grid-lg-8",
                      "grid-lg-9": "MuiGrid-grid-lg-9",
                      "grid-lg-auto": "MuiGrid-grid-lg-auto",
                      "grid-lg-true": "MuiGrid-grid-lg-true",
                      "grid-md-1": "MuiGrid-grid-md-1",
                      "grid-md-10": "MuiGrid-grid-md-10",
                      "grid-md-11": "MuiGrid-grid-md-11",
                      "grid-md-12": "MuiGrid-grid-md-12",
                      "grid-md-2": "MuiGrid-grid-md-2",
                      "grid-md-3": "MuiGrid-grid-md-3",
                      "grid-md-4": "MuiGrid-grid-md-4",
                      "grid-md-5": "MuiGrid-grid-md-5",
                      "grid-md-6": "MuiGrid-grid-md-6",
                      "grid-md-7": "MuiGrid-grid-md-7",
                      "grid-md-8": "MuiGrid-grid-md-8",
                      "grid-md-9": "MuiGrid-grid-md-9",
                      "grid-md-auto": "MuiGrid-grid-md-auto",
                      "grid-md-true": "MuiGrid-grid-md-true",
                      "grid-sm-1": "MuiGrid-grid-sm-1",
                      "grid-sm-10": "MuiGrid-grid-sm-10",
                      "grid-sm-11": "MuiGrid-grid-sm-11",
                      "grid-sm-12": "MuiGrid-grid-sm-12",
                      "grid-sm-2": "MuiGrid-grid-sm-2",
                      "grid-sm-3": "MuiGrid-grid-sm-3",
                      "grid-sm-4": "MuiGrid-grid-sm-4",
                      "grid-sm-5": "MuiGrid-grid-sm-5",
                      "grid-sm-6": "MuiGrid-grid-sm-6",
                      "grid-sm-7": "MuiGrid-grid-sm-7",
                      "grid-sm-8": "MuiGrid-grid-sm-8",
                      "grid-sm-9": "MuiGrid-grid-sm-9",
                      "grid-sm-auto": "MuiGrid-grid-sm-auto",
                      "grid-sm-true": "MuiGrid-grid-sm-true",
                      "grid-xl-1": "MuiGrid-grid-xl-1",
                      "grid-xl-10": "MuiGrid-grid-xl-10",
                      "grid-xl-11": "MuiGrid-grid-xl-11",
                      "grid-xl-12": "MuiGrid-grid-xl-12",
                      "grid-xl-2": "MuiGrid-grid-xl-2",
                      "grid-xl-3": "MuiGrid-grid-xl-3",
                      "grid-xl-4": "MuiGrid-grid-xl-4",
                      "grid-xl-5": "MuiGrid-grid-xl-5",
                      "grid-xl-6": "MuiGrid-grid-xl-6",
                      "grid-xl-7": "MuiGrid-grid-xl-7",
                      "grid-xl-8": "MuiGrid-grid-xl-8",
                      "grid-xl-9": "MuiGrid-grid-xl-9",
                      "grid-xl-auto": "MuiGrid-grid-xl-auto",
                      "grid-xl-true": "MuiGrid-grid-xl-true",
                      "grid-xs-1": "MuiGrid-grid-xs-1",
                      "grid-xs-10": "MuiGrid-grid-xs-10",
                      "grid-xs-11": "MuiGrid-grid-xs-11",
                      "grid-xs-12": "MuiGrid-grid-xs-12",
                      "grid-xs-2": "MuiGrid-grid-xs-2",
                      "grid-xs-3": "MuiGrid-grid-xs-3",
                      "grid-xs-4": "MuiGrid-grid-xs-4",
                      "grid-xs-5": "MuiGrid-grid-xs-5",
                      "grid-xs-6": "MuiGrid-grid-xs-6",
                      "grid-xs-7": "MuiGrid-grid-xs-7",
                      "grid-xs-8": "MuiGrid-grid-xs-8",
                      "grid-xs-9": "MuiGrid-grid-xs-9",
                      "grid-xs-auto": "MuiGrid-grid-xs-auto",
                      "grid-xs-true": "MuiGrid-grid-xs-true",
                      "item": "MuiGrid-item",
                      "justify-content-xs-center": "MuiGrid-justify-content-xs-center",
                      "justify-content-xs-flex-end": "MuiGrid-justify-content-xs-flex-end",
                      "justify-content-xs-space-around": "MuiGrid-justify-content-xs-space-around",
                      "justify-content-xs-space-between": "MuiGrid-justify-content-xs-space-between",
                      "justify-content-xs-space-evenly": "MuiGrid-justify-content-xs-space-evenly",
                      "root": "MuiGrid-root",
                      "spacing-xs-1": "MuiGrid-spacing-xs-1",
                      "spacing-xs-10": "MuiGrid-spacing-xs-10",
                      "spacing-xs-2": "MuiGrid-spacing-xs-2",
                      "spacing-xs-3": "MuiGrid-spacing-xs-3",
                      "spacing-xs-4": "MuiGrid-spacing-xs-4",
                      "spacing-xs-5": "MuiGrid-spacing-xs-5",
                      "spacing-xs-6": "MuiGrid-spacing-xs-6",
                      "spacing-xs-7": "MuiGrid-spacing-xs-7",
                      "spacing-xs-8": "MuiGrid-spacing-xs-8",
                      "spacing-xs-9": "MuiGrid-spacing-xs-9",
                      "wrap-xs-nowrap": "MuiGrid-wrap-xs-nowrap",
                      "wrap-xs-wrap-reverse": "MuiGrid-wrap-xs-wrap-reverse",
                      "zeroMinWidth": "MuiGrid-zeroMinWidth",
                    }
                  }
                  item={true}
                  xs={12}
                >
                  <div
                    className="MuiGrid-root warning MuiGrid-item MuiGrid-grid-xs-12"
                  >
                    Error
                  </div>
                </ForwardRef(Grid)>
              </WithStyles(ForwardRef(Grid))>
            </div>
          </ForwardRef(Grid)>
        </WithStyles(ForwardRef(Grid))>
      </div>
    </ForwardRef(Grid)>
  </WithStyles(ForwardRef(Grid))>
</NumberField>
`;
